[       0ms] [ERROR] Failed to load resource: the server responded with a status of 999 () @ https://www.linkedin.com/in/alexey-vikulin/:0
[     585ms] [LOG] Error @ https://static.licdn.com/aero-v1/sc/h/95dn6qmfiqsklhxazp0jn20zg:1
[     652ms] [VERBOSE] [DOM] Input elements should have autocomplete attributes (suggested: "username"): (More info: https://goo.gl/9p2vKq) %o @ https://www.linkedin.com/authwall?trk=gf&trkInfo=AQHCaO-BhyjE4QAAAZ5uNIQg26Rhkmc6mfHlqP5wObl0lrN1KKMU9eeHiovsXMpdT1zzp4cMp9Ebh1yWriMmGxiEh88KqH8wDPjGMdDPwM6DsXjoLhsQ1ZJv2xCaEoOgVSPRIDc=&original_referer=&sessionRedirect=https%3A%2F%2Fwww.linkedin.com%2Fin%2Falexey-vikulin%2F:0
[    2249ms] [WARNING] Element with id: dust-var-locale not found @ https://static.licdn.com/aero-v1/sc/h/3kgy5ay8f0k9viv1cd9y344x2:1
[    2327ms] [WARNING] Canvas2D: Multiple readback operations using getImageData are faster with the willReadFrequently attribute set to true. See: https://html.spec.whatwg.org/multipage/canvas.html#concept-canvas-will-read-frequently @ https://static.licdn.com/aero-v1/sc/h/95dn6qmfiqsklhxazp0jn20zg:1
[    2406ms] [ERROR] Failed to load resource: net::ERR_CONNECTION_CLOSED @ https://static.licdn.com/aero-v1/sc/h/ddi43qwelxeqjxdd45pe3fvs1:0
[    2805ms] [LOG] %c EvalError
    at rH (https://client.protechts.net/PXdOjV695v/main.min.js:2:65087)
    at tJ (https://client.protechts.net/PXdOjV695v/main.min.js:2:75840)
    at Ng (https://client.protechts.net/PXdOjV695v/main.min.js:2:232673)
    at Ne (https://client.protechts.net/PXdOjV695v/main.min.js:2:232291)
    at https://client.protechts.net/PXdOjV695v/main.min.js:2:234023
    at https://client.protechts.net/PXdOjV695v/main.min.js:2:234029
    at https://client.protechts.net/PXdOjV695v/main.min.js:2:234494 @ https://client.protechts.net/PXdOjV695v/main.min.js:1
[    2825ms] [ERROR] Failed to load resource: net::ERR_CONNECTION_CLOSED @ https://collector-pxdojv695v.protechts.net/api/v2/msft:0
[    2920ms] [WARNING] Canvas2D: Multiple readback operations using getImageData are faster with the willReadFrequently attribute set to true. See: https://html.spec.whatwg.org/multipage/canvas.html#concept-canvas-will-read-frequently @ https://static.licdn.com/aero-v1/sc/h/95dn6qmfiqsklhxazp0jn20zg:1
[    2988ms] [WARNING] Canvas2D: Multiple readback operations using getImageData are faster with the willReadFrequently attribute set to true. See: https://html.spec.whatwg.org/multipage/canvas.html#concept-canvas-will-read-frequently @ https://static.licdn.com/aero-v1/sc/h/95dn6qmfiqsklhxazp0jn20zg:1
[    3297ms] [WARNING] [GSI_LOGGER]: Your client application may not display the Google One Tap in its default position. When FedCM becomes mandatory, One Tap only displays in the default position. Refer to the migration guide to update your code accordingly and opt-in to FedCM to test your changes. Learn more: https://developers.google.com/identity/gsi/web/guides/fedcm-migration?s=dc#layout @ https://static.licdn.com/aero-v1/sc/h/29rdkxlvag0d3cpj96fiilbju:168
[    3297ms] [WARNING] [GSI_LOGGER]: Your client application uses one of the Google One Tap prompt UI status methods that may stop functioning when FedCM becomes mandatory. Refer to the migration guide to update your code accordingly and opt-in to FedCM to test your changes. Learn more: https://developers.google.com/identity/gsi/web/guides/fedcm-migration?s=dc#display_moment and https://developers.google.com/identity/gsi/web/guides/fedcm-migration?s=dc#skipped_moment @ https://static.licdn.com/aero-v1/sc/h/29rdkxlvag0d3cpj96fiilbju:168
[    3299ms] [WARNING] [GSI_LOGGER]: Currently, you disable FedCM on Google One Tap. FedCM for One Tap will become mandatory starting Oct 2024, and you won’t be able to disable it. Refer to the migration guide to update your code accordingly to ensure users will not be blocked from logging in. Learn more: https://developers.google.com/identity/gsi/web/guides/fedcm-migration @ https://static.licdn.com/aero-v1/sc/h/29rdkxlvag0d3cpj96fiilbju:168
[    3305ms] [WARNING] [GSI_LOGGER]: Currently, you disable FedCM on Google One Tap. FedCM for One Tap will become mandatory starting Oct 2024, and you won’t be able to disable it. Refer to the migration guide to update your code accordingly to ensure users will not be blocked from logging in. Learn more: https://developers.google.com/identity/gsi/web/guides/fedcm-migration @ https://static.licdn.com/aero-v1/sc/h/29rdkxlvag0d3cpj96fiilbju:168
[    3903ms] [ERROR] Failed to load resource: net::ERR_CONNECTION_CLOSED @ https://fst-ec.perimeterx.net/?id=f92b3f0f-5a82-11f1-a109-8a56ec5ec2ac:0
